// Jest Snapshot v1, https://goo.gl/fbAQLP

exports[`Anonnymous component renders 1`] = `
<section
  className=" anonymous"
>
  <div>
    Anonymous user.
  </div>
</section>
`;
