// Jest Snapshot v1, https://goo.gl/fbAQLP

exports[`HomeRoute component renders 1`] = `
<Route
  exact={true}
  path="/"
  render={[Function]}
/>
`;
