// Jest Snapshot v1, https://goo.gl/fbAQLP

exports[`RestrictedRouteB component renders 1`] = `
<withAuth(SecureRoute)
  path="/restricted-b"
  render={[Function]}
/>
`;
