// Jest Snapshot v1, https://goo.gl/fbAQLP

exports[`Restricted component renders 1`] = `
<div
  className="restricted"
>
  <div>
    Restricted user.
  </div>
</div>
`;
